Installing metrics-server v0.8.0
=================================
Downloading metrics-server v0.8.0 manifest...
Configuring for internal cluster...
Installing metrics-server...
serviceaccount/metrics-server created
clusterrole.rbac.authorization.k8s.io/system:aggregated-metrics-reader created
clusterrole.rbac.authorization.k8s.io/system:metrics-server created
rolebinding.rbac.authorization.k8s.io/metrics-server-auth-reader created
clusterrolebinding.rbac.authorization.k8s.io/metrics-server:system:auth-delegator created
clusterrolebinding.rbac.authorization.k8s.io/system:metrics-server created
service/metrics-server created
deployment.apps/metrics-server created
apiservice.apiregistration.k8s.io/v1beta1.metrics.k8s.io created
Waiting for metrics-server to be ready...
deployment.apps/metrics-server condition met

Verifying metrics-server installation...
NAME                              READY   STATUS    RESTARTS   AGE
metrics-server-779476777d-dlb7g   1/1     Running   0          26s

Waiting for metrics to be available (30s)...
Testing metrics collection...
NAME    CPU(cores)   CPU(%)   MEMORY(bytes)   MEMORY(%)   
k8s01   251m         6%       938Mi           5%          
k8s04   61m          1%       469Mi           2%          
k8s05   51m          1%       483Mi           3%          
k8s06   90m          2%       480Mi           6%          
k8s07   72m          0%       1809Mi          11%         
k8s08   66m          1%       462Mi           2%          
k8s09   31m          0%       614Mi           0%          

=================================
metrics-server v0.8.0 installed successfully!
