Installing ingress-nginx v1.13.1
==================================
Installing ingress-nginx controller...
namespace/ingress-nginx created
serviceaccount/ingress-nginx created
serviceaccount/ingress-nginx-admission created
role.rbac.authorization.k8s.io/ingress-nginx created
role.rbac.authorization.k8s.io/ingress-nginx-admission created
clusterrole.rbac.authorization.k8s.io/ingress-nginx created
clusterrole.rbac.authorization.k8s.io/ingress-nginx-admission created
rolebinding.rbac.authorization.k8s.io/ingress-nginx created
rolebinding.rbac.authorization.k8s.io/ingress-nginx-admission created
clusterrolebinding.rbac.authorization.k8s.io/ingress-nginx created
clusterrolebinding.rbac.authorization.k8s.io/ingress-nginx-admission created
configmap/ingress-nginx-controller created
service/ingress-nginx-controller created
service/ingress-nginx-controller-admission created
deployment.apps/ingress-nginx-controller created
job.batch/ingress-nginx-admission-create created
job.batch/ingress-nginx-admission-patch created
ingressclass.networking.k8s.io/nginx created
validatingwebhookconfiguration.admissionregistration.k8s.io/ingress-nginx-admission created
Waiting for ingress-nginx to be ready...
deployment.apps/ingress-nginx-controller condition met
Configuring NodePort service...
service/ingress-nginx-controller patched

Verifying ingress-nginx installation...
NAME                                        READY   STATUS              RESTARTS   AGE
ingress-nginx-admission-create-cgh68        0/1     ContainerCreating   0          1s
ingress-nginx-admission-patch-twbfq         0/1     ContainerCreating   0          1s
ingress-nginx-controller-6bc5b79999-5wxvt   0/1     ContainerCreating   0          1s

Service details:
NAME                                 TYPE        CLUSTER-IP      EXTERNAL-IP   PORT(S)                      AGE
ingress-nginx-controller             NodePort    10.96.134.180   <none>        80:30080/TCP,443:30443/TCP   1s
ingress-nginx-controller-admission   ClusterIP   10.97.92.72     <none>        443/TCP                      1s

==================================
ingress-nginx v1.13.1 installed successfully!
HTTP available on NodePort: 30080
HTTPS available on NodePort: 30443
