Starting node reset at 20250823_220035
================================================

Resetting k8s01 (192.168.0.50)...
------------------------
Stopping kubelet...
Running kubeadm reset...
[preflight] Running pre-flight checks
W0824 02:00:35.978972    4227 removeetcdmember.go:106] [reset] No kubeadm config, using etcd pod spec to get data directory
[reset] Deleted contents of the etcd data directory: /var/lib/etcd
[reset] Stopping the kubelet service
[reset] Unmounting mounted directories in "/var/lib/kubelet"
[reset] Deleting contents of directories: [/etc/kubernetes/manifests /var/lib/kubelet /etc/kubernetes/pki]
[reset] Deleting files: [/etc/kubernetes/admin.conf /etc/kubernetes/super-admin.conf /etc/kubernetes/kubelet.conf /etc/kubernetes/bootstrap-kubelet.conf /etc/kubernetes/controller-manager.conf /etc/kubernetes/scheduler.conf]
The reset process does not perform cleanup of CNI plugin configuration,
For information on how to perform this cleanup manually, please see:
    https://k8s.io/docs/reference/setup-tools/kubeadm/kubeadm-reset/
Stopping container runtime...
Cleaning network interfaces...
Removing Kubernetes packages...
Canceled hold on kubelet.
Canceled hold on kubeadm.
Canceled hold on kubectl.
Removing containerd 1.7.x...
Cleaning directories...
Cleaning iptables...
bash: line 1: iptables: command not found
