Starting node reset at 20250824_103134
================================================

Resetting k8s01 (192.168.0.50)...
------------------------
Stopping kubelet...
Running kubeadm reset...
[reset] Reading configuration from the "kubeadm-config" ConfigMap in namespace "kube-system"...
[reset] Use 'kubeadm init phase upload-config --config your-config-file' to re-upload it.
[preflight] Running pre-flight checks
[reset] Deleted contents of the etcd data directory: /var/lib/etcd
[reset] Stopping the kubelet service
[reset] Unmounting mounted directories in "/var/lib/kubelet"
W0824 14:31:46.535446   31171 cleanupnode.go:105] [reset] Failed to remove containers: failed to stop running pod 2d8ecff1869fa33fccf8a17cf2fef42790b4848a1364a2cac7238f2e0f0b868a: rpc error: code = DeadlineExceeded desc = stream terminated by RST_STREAM with error code: CANCEL
[reset] Deleting contents of directories: [/etc/kubernetes/manifests /var/lib/kubelet /etc/kubernetes/pki]
[reset] Deleting files: [/etc/kubernetes/admin.conf /etc/kubernetes/super-admin.conf /etc/kubernetes/kubelet.conf /etc/kubernetes/bootstrap-kubelet.conf /etc/kubernetes/controller-manager.conf /etc/kubernetes/scheduler.conf]
The reset process does not perform cleanup of CNI plugin configuration,
For information on how to perform this cleanup manually, please see:
    https://k8s.io/docs/reference/setup-tools/kubeadm/kubeadm-reset/
Stopping container runtime...
Cleaning network interfaces...
Removing Kubernetes packages...
Canceled hold on kubelet.
Canceled hold on kubeadm.
Canceled hold on kubectl.
Removing containerd 1.7.x...
Cleaning directories...
Cleaning iptables...
bash: line 1: iptables: command not found
