Joining worker nodes to cluster
================================

=== Joining k8s04 (192.168.0.53) ===
Executing kubeadm join...
[preflight] Running pre-flight checks
[preflight] Reading configuration from the "kubeadm-config" ConfigMap in namespace "kube-system"...
[preflight] Use 'kubeadm init phase upload-config --config your-config-file' to re-upload it.
W0824 03:11:02.750450 3760302 configset.go:78] Warning: No kubeproxy.config.k8s.io/v1alpha1 config is loaded. Continuing without it: configmaps "kube-proxy" is forbidden: User "system:bootstrap:xh0weg" cannot get resource "configmaps" in API group "" in the namespace "kube-system"
[kubelet-start] Writing kubelet configuration to file "/var/lib/kubelet/config.yaml"
[kubelet-start] Writing kubelet environment file with flags to file "/var/lib/kubelet/kubeadm-flags.env"
[kubelet-start] Starting the kubelet
[kubelet-check] Waiting for a healthy kubelet at http://127.0.0.1:10248/healthz. This can take up to 4m0s
[kubelet-check] The kubelet is healthy after 501.696431ms
[kubelet-start] Waiting for the kubelet to perform the TLS Bootstrap

This node has joined the cluster:
* Certificate signing request was sent to apiserver and a response was received.
* The Kubelet was informed of the new secure connection details.

Run 'kubectl get nodes' on the control-plane to see this node join the cluster.

✓ k8s04 joined as worker

=== Joining k8s05 (192.168.0.54) ===
Executing kubeadm join...
[preflight] Running pre-flight checks
[preflight] Reading configuration from the "kubeadm-config" ConfigMap in namespace "kube-system"...
[preflight] Use 'kubeadm init phase upload-config --config your-config-file' to re-upload it.
W0824 03:11:09.126795  338533 configset.go:78] Warning: No kubeproxy.config.k8s.io/v1alpha1 config is loaded. Continuing without it: configmaps "kube-proxy" is forbidden: User "system:bootstrap:xh0weg" cannot get resource "configmaps" in API group "" in the namespace "kube-system"
[kubelet-start] Writing kubelet configuration to file "/var/lib/kubelet/config.yaml"
[kubelet-start] Writing kubelet environment file with flags to file "/var/lib/kubelet/kubeadm-flags.env"
[kubelet-start] Starting the kubelet
[kubelet-check] Waiting for a healthy kubelet at http://127.0.0.1:10248/healthz. This can take up to 4m0s
[kubelet-check] The kubelet is healthy after 1.001885473s
[kubelet-start] Waiting for the kubelet to perform the TLS Bootstrap

This node has joined the cluster:
* Certificate signing request was sent to apiserver and a response was received.
* The Kubelet was informed of the new secure connection details.

Run 'kubectl get nodes' on the control-plane to see this node join the cluster.

✓ k8s05 joined as worker

=== Joining k8s06 (192.168.0.55) ===
Executing kubeadm join...
[preflight] Running pre-flight checks
[preflight] Reading configuration from the "kubeadm-config" ConfigMap in namespace "kube-system"...
[preflight] Use 'kubeadm init phase upload-config --config your-config-file' to re-upload it.
W0824 03:11:16.201884 3781925 configset.go:78] Warning: No kubeproxy.config.k8s.io/v1alpha1 config is loaded. Continuing without it: configmaps "kube-proxy" is forbidden: User "system:bootstrap:xh0weg" cannot get resource "configmaps" in API group "" in the namespace "kube-system"
[kubelet-start] Writing kubelet configuration to file "/var/lib/kubelet/config.yaml"
[kubelet-start] Writing kubelet environment file with flags to file "/var/lib/kubelet/kubeadm-flags.env"
[kubelet-start] Starting the kubelet
[kubelet-check] Waiting for a healthy kubelet at http://127.0.0.1:10248/healthz. This can take up to 4m0s
[kubelet-check] The kubelet is healthy after 1.503979534s
[kubelet-start] Waiting for the kubelet to perform the TLS Bootstrap

This node has joined the cluster:
* Certificate signing request was sent to apiserver and a response was received.
* The Kubelet was informed of the new secure connection details.

Run 'kubectl get nodes' on the control-plane to see this node join the cluster.

✓ k8s06 joined as worker

=== Joining k8s07 (192.168.0.56) ===
Executing kubeadm join...
[preflight] Running pre-flight checks
[preflight] Reading configuration from the "kubeadm-config" ConfigMap in namespace "kube-system"...
[preflight] Use 'kubeadm init phase upload-config --config your-config-file' to re-upload it.
W0824 03:11:23.645564 1495239 configset.go:78] Warning: No kubeproxy.config.k8s.io/v1alpha1 config is loaded. Continuing without it: configmaps "kube-proxy" is forbidden: User "system:bootstrap:xh0weg" cannot get resource "configmaps" in API group "" in the namespace "kube-system"
[kubelet-start] Writing kubelet configuration to file "/var/lib/kubelet/config.yaml"
[kubelet-start] Writing kubelet environment file with flags to file "/var/lib/kubelet/kubeadm-flags.env"
[kubelet-start] Starting the kubelet
[kubelet-check] Waiting for a healthy kubelet at http://127.0.0.1:10248/healthz. This can take up to 4m0s
[kubelet-check] The kubelet is healthy after 502.407934ms
[kubelet-start] Waiting for the kubelet to perform the TLS Bootstrap

This node has joined the cluster:
* Certificate signing request was sent to apiserver and a response was received.
* The Kubelet was informed of the new secure connection details.

Run 'kubectl get nodes' on the control-plane to see this node join the cluster.

✓ k8s07 joined as worker

=== Joining k8s08 (192.168.0.57) ===
Executing kubeadm join...
[preflight] Running pre-flight checks
[preflight] Reading configuration from the "kubeadm-config" ConfigMap in namespace "kube-system"...
[preflight] Use 'kubeadm init phase upload-config --config your-config-file' to re-upload it.
W0824 03:11:30.290188 3844447 configset.go:78] Warning: No kubeproxy.config.k8s.io/v1alpha1 config is loaded. Continuing without it: configmaps "kube-proxy" is forbidden: User "system:bootstrap:xh0weg" cannot get resource "configmaps" in API group "" in the namespace "kube-system"
[kubelet-start] Writing kubelet configuration to file "/var/lib/kubelet/config.yaml"
[kubelet-start] Writing kubelet environment file with flags to file "/var/lib/kubelet/kubeadm-flags.env"
[kubelet-start] Starting the kubelet
[kubelet-check] Waiting for a healthy kubelet at http://127.0.0.1:10248/healthz. This can take up to 4m0s
[kubelet-check] The kubelet is healthy after 502.827332ms
[kubelet-start] Waiting for the kubelet to perform the TLS Bootstrap

This node has joined the cluster:
* Certificate signing request was sent to apiserver and a response was received.
* The Kubelet was informed of the new secure connection details.

Run 'kubectl get nodes' on the control-plane to see this node join the cluster.

✓ k8s08 joined as worker

=== Joining k8s09 (192.168.0.58) ===
Executing kubeadm join...
[preflight] Running pre-flight checks
[preflight] Reading configuration from the "kubeadm-config" ConfigMap in namespace "kube-system"...
[preflight] Use 'kubeadm init phase upload-config --config your-config-file' to re-upload it.
W0824 03:11:48.000055 3760689 configset.go:78] Warning: No kubeproxy.config.k8s.io/v1alpha1 config is loaded. Continuing without it: configmaps "kube-proxy" is forbidden: User "system:bootstrap:xh0weg" cannot get resource "configmaps" in API group "" in the namespace "kube-system"
[kubelet-start] Writing kubelet configuration to file "/var/lib/kubelet/config.yaml"
[kubelet-start] Writing kubelet environment file with flags to file "/var/lib/kubelet/kubeadm-flags.env"
[kubelet-start] Starting the kubelet
[kubelet-check] Waiting for a healthy kubelet at http://127.0.0.1:10248/healthz. This can take up to 4m0s
[kubelet-check] The kubelet is healthy after 501.42131ms
[kubelet-start] Waiting for the kubelet to perform the TLS Bootstrap

This node has joined the cluster:
* Certificate signing request was sent to apiserver and a response was received.
* The Kubelet was informed of the new secure connection details.

Run 'kubectl get nodes' on the control-plane to see this node join the cluster.

✓ k8s09 joined as worker

Waiting for nodes to be ready...
Verifying cluster status...
NAME    STATUS     ROLES    AGE   VERSION   INTERNAL-IP    EXTERNAL-IP   OS-IMAGE             KERNEL-VERSION      CONTAINER-RUNTIME
k8s01   Ready      <none>   21m   v1.33.4   192.168.0.50   <none>        Ubuntu 24.04.3 LTS   6.8.0-78-generic    containerd://2.1.4
k8s04   Ready      <none>   59s   v1.33.4   192.168.0.53   <none>        Ubuntu 24.04.3 LTS   6.14.0-28-generic   containerd://2.1.4
k8s05   Ready      <none>   52s   v1.33.4   192.168.0.54   <none>        Ubuntu 24.04.3 LTS   6.14.0-28-generic   containerd://2.1.4
k8s06   Ready      <none>   44s   v1.33.4   192.168.0.55   <none>        Ubuntu 24.04.3 LTS   6.14.0-28-generic   containerd://2.1.4
k8s07   Ready      <none>   38s   v1.33.4   192.168.0.56   <none>        Ubuntu 24.04.3 LTS   6.14.0-28-generic   containerd://2.1.4
k8s08   Ready      <none>   32s   v1.33.4   192.168.0.57   <none>        Ubuntu 24.04.3 LTS   6.14.0-28-generic   containerd://2.1.4
k8s09   NotReady   <none>   14s   v1.33.4   192.168.0.58   <none>        Ubuntu 24.04.2 LTS   6.14.0-28-generic   containerd://2.1.4

================================
Worker nodes joined successfully!
